// Jest Snapshot v1, https://goo.gl/fbAQLP

exports[`Game.vue matches snapshot 1`] = `
<div class="game screen">
  <game-header-stub game="[object Object]"></game-header-stub>
  <game-board-stub game="[object Object]"></game-board-stub>
  <user-input-stub game="[object Object]"></user-input-stub>
  <!---->
</div>
`;

exports[`Game.vue when the board is completed matches snapshot 1`] = `
<div class="game screen">
  <!---->
  <!---->
  <!---->
  <div class="completed">
    <h1>
      You won!
    </h1>
    <dl>
      <dt>Difficulty</dt>
      <dd>Easy</dd>
      <dt>Time</dt>
      <dd>00:00:00</dd>
    </dl> <button class="menu">Okay</button>
  </div>
</div>
`;
