// Jest Snapshot v1, https://goo.gl/fbAQLP

exports[`GameBoard.vue matches snapshot 1`] = `
<div class="board">
  <div rownum="0" class="row">
    <div colnum="0" class="tile-group">
      <div class="row">
        <div class="tile" style="height: 0px; line-height: 0px;"><span>4</span></div>
        <div class="tile" style="height: 0px; line-height: 0px;"><span>3</span></div>
        <div class="tile" style="height: 0px; line-height: 0px;"><span>5</span></div>
      </div>
      <div class="row">
        <div class="tile" style="height: 0px; line-height: 0px;"><span class="user-value"></span></div>
        <div class="tile" style="height: 0px; line-height: 0px;"><span class="user-value"></span></div>
        <div class="tile" style="height: 0px; line-height: 0px;"><span>2</span></div>
      </div>
      <div class="row">
        <div class="tile" style="height: 0px; line-height: 0px;"><span class="user-value"></span></div>
        <div class="tile" style="height: 0px; line-height: 0px;"><span class="user-value"></span></div>
        <div class="tile" style="height: 0px; line-height: 0px;"><span>7</span></div>
      </div>
    </div>
    <div colnum="1" class="tile-group">
      <div class="row">
        <div class="tile" style="height: 0px; line-height: 0px;"><span class="user-value"></span></div>
        <div class="tile" style="height: 0px; line-height: 0px;"><span class="user-value"></span></div>
        <div class="tile" style="height: 0px; line-height: 0px;"><span>9</span></div>
      </div>
      <div class="row">
        <div class="tile" style="height: 0px; line-height: 0px;"><span>5</span></div>
        <div class="tile" style="height: 0px; line-height: 0px;"><span class="user-value"></span></div>
        <div class="tile" style="height: 0px; line-height: 0px;"><span>1</span></div>
      </div>
      <div class="row">
        <div class="tile" style="height: 0px; line-height: 0px;"><span>8</span></div>
        <div class="tile" style="height: 0px; line-height: 0px;"><span>3</span></div>
        <div class="tile" style="height: 0px; line-height: 0px;"><span class="user-value"></span></div>
      </div>
    </div>
    <div colnum="2" class="tile-group">
      <div class="row">
        <div class="tile" style="height: 0px; line-height: 0px;"><span class="user-value"></span></div>
        <div class="tile" style="height: 0px; line-height: 0px;"><span>8</span></div>
        <div class="tile" style="height: 0px; line-height: 0px;"><span class="user-value"></span></div>
      </div>
      <div class="row">
        <div class="tile" style="height: 0px; line-height: 0px;"><span>4</span></div>
        <div class="tile" style="height: 0px; line-height: 0px;"><span class="user-value"></span></div>
        <div class="tile" style="height: 0px; line-height: 0px;"><span>3</span></div>
      </div>
      <div class="row">
        <div class="tile" style="height: 0px; line-height: 0px;"><span class="user-value"></span></div>
        <div class="tile" style="height: 0px; line-height: 0px;"><span>6</span></div>
        <div class="tile" style="height: 0px; line-height: 0px;"><span>2</span></div>
      </div>
    </div>
  </div>
  <div rownum="1" class="row">
    <div colnum="0" class="tile-group">
      <div class="row">
        <div class="tile" style="height: 0px; line-height: 0px;"><span class="user-value"></span></div>
        <div class="tile" style="height: 0px; line-height: 0px;"><span class="user-value"></span></div>
        <div class="tile" style="height: 0px; line-height: 0px;"><span>6</span></div>
      </div>
      <div class="row">
        <div class="tile" style="height: 0px; line-height: 0px;"><span>3</span></div>
        <div class="tile" style="height: 0px; line-height: 0px;"><span>7</span></div>
        <div class="tile" style="height: 0px; line-height: 0px;"><span class="user-value"></span></div>
      </div>
      <div class="row">
        <div class="tile" style="height: 0px; line-height: 0px;"><span>9</span></div>
        <div class="tile" style="height: 0px; line-height: 0px;"><span class="user-value"></span></div>
        <div class="tile" style="height: 0px; line-height: 0px;"><span>1</span></div>
      </div>
    </div>
    <div colnum="1" class="tile-group">
      <div class="row">
        <div class="tile" style="height: 0px; line-height: 0px;"><span class="user-value"></span></div>
        <div class="tile" style="height: 0px; line-height: 0px;"><span>9</span></div>
        <div class="tile" style="height: 0px; line-height: 0px;"><span>5</span></div>
      </div>
      <div class="row">
        <div class="tile" style="height: 0px; line-height: 0px;"><span class="user-value"></span></div>
        <div class="tile" style="height: 0px; line-height: 0px;"><span>8</span></div>
        <div class="tile" style="height: 0px; line-height: 0px;"><span class="user-value"></span></div>
      </div>
      <div class="row">
        <div class="tile" style="height: 0px; line-height: 0px;"><span>7</span></div>
        <div class="tile" style="height: 0px; line-height: 0px;"><span>4</span></div>
        <div class="tile" style="height: 0px; line-height: 0px;"><span class="user-value"></span></div>
      </div>
    </div>
    <div colnum="2" class="tile-group">
      <div class="row">
        <div class="tile" style="height: 0px; line-height: 0px;"><span>3</span></div>
        <div class="tile" style="height: 0px; line-height: 0px;"><span class="user-value"></span></div>
        <div class="tile" style="height: 0px; line-height: 0px;"><span>7</span></div>
      </div>
      <div class="row">
        <div class="tile" style="height: 0px; line-height: 0px;"><span class="user-value"></span></div>
        <div class="tile" style="height: 0px; line-height: 0px;"><span>1</span></div>
        <div class="tile" style="height: 0px; line-height: 0px;"><span>5</span></div>
      </div>
      <div class="row">
        <div class="tile" style="height: 0px; line-height: 0px;"><span>6</span></div>
        <div class="tile" style="height: 0px; line-height: 0px;"><span class="user-value"></span></div>
        <div class="tile" style="height: 0px; line-height: 0px;"><span class="user-value"></span></div>
      </div>
    </div>
  </div>
  <div rownum="2" class="row">
    <div colnum="0" class="tile-group">
      <div class="row">
        <div class="tile" style="height: 0px; line-height: 0px;"><span>5</span></div>
        <div class="tile" style="height: 0px; line-height: 0px;"><span>1</span></div>
        <div class="tile" style="height: 0px; line-height: 0px;"><span class="user-value"></span></div>
      </div>
      <div class="row">
        <div class="tile" style="height: 0px; line-height: 0px;"><span>2</span></div>
        <div class="tile" style="height: 0px; line-height: 0px;"><span class="user-value"></span></div>
        <div class="tile" style="height: 0px; line-height: 0px;"><span>8</span></div>
      </div>
      <div class="row">
        <div class="tile" style="height: 0px; line-height: 0px;"><span class="user-value"></span></div>
        <div class="tile" style="height: 0px; line-height: 0px;"><span>6</span></div>
        <div class="tile" style="height: 0px; line-height: 0px;"><span class="user-value"></span></div>
      </div>
    </div>
    <div colnum="1" class="tile-group">
      <div class="row">
        <div class="tile" style="height: 0px; line-height: 0px;"><span class="user-value"></span></div>
        <div class="tile" style="height: 0px; line-height: 0px;"><span>2</span></div>
        <div class="tile" style="height: 0px; line-height: 0px;"><span>6</span></div>
      </div>
      <div class="row">
        <div class="tile" style="height: 0px; line-height: 0px;"><span>9</span></div>
        <div class="tile" style="height: 0px; line-height: 0px;"><span class="user-value"></span></div>
        <div class="tile" style="height: 0px; line-height: 0px;"><span>7</span></div>
      </div>
      <div class="row">
        <div class="tile" style="height: 0px; line-height: 0px;"><span>4</span></div>
        <div class="tile" style="height: 0px; line-height: 0px;"><span class="user-value"></span></div>
        <div class="tile" style="height: 0px; line-height: 0px;"><span class="user-value"></span></div>
      </div>
    </div>
    <div colnum="2" class="tile-group">
      <div class="row">
        <div class="tile" style="height: 0px; line-height: 0px;"><span>8</span></div>
        <div class="tile" style="height: 0px; line-height: 0px;"><span class="user-value"></span></div>
        <div class="tile" style="height: 0px; line-height: 0px;"><span class="user-value"></span></div>
      </div>
      <div class="row">
        <div class="tile" style="height: 0px; line-height: 0px;"><span>1</span></div>
        <div class="tile" style="height: 0px; line-height: 0px;"><span class="user-value"></span></div>
        <div class="tile" style="height: 0px; line-height: 0px;"><span class="user-value"></span></div>
      </div>
      <div class="row">
        <div class="tile" style="height: 0px; line-height: 0px;"><span>2</span></div>
        <div class="tile" style="height: 0px; line-height: 0px;"><span>5</span></div>
        <div class="tile" style="height: 0px; line-height: 0px;"><span>9</span></div>
      </div>
    </div>
  </div>
</div>
`;
